[ 22%] Built target gtest_main
[ 44%] Built target gtest
[ 66%] Built target franka_bridge_node
[100%] Built target test_fake_robot
-- Install configuration: ""
-- Up-to-date: /root/ros2_ws/install/franka_opcua_bridge/lib/franka_opcua_bridge/franka_bridge_node
-- Up-to-date: /root/ros2_ws/install/franka_opcua_bridge/share/ament_index/resource_index/package_run_dependencies/franka_opcua_bridge
-- Up-to-date: /root/ros2_ws/install/franka_opcua_bridge/share/ament_index/resource_index/parent_prefix_path/franka_opcua_bridge
-- Up-to-date: /root/ros2_ws/install/franka_opcua_bridge/share/franka_opcua_bridge/environment/ament_prefix_path.sh
-- Up-to-date: /root/ros2_ws/install/franka_opcua_bridge/share/franka_opcua_bridge/environment/ament_prefix_path.dsv
-- Up-to-date: /root/ros2_ws/install/franka_opcua_bridge/share/franka_opcua_bridge/environment/path.sh
-- Up-to-date: /root/ros2_ws/install/franka_opcua_bridge/share/franka_opcua_bridge/environment/path.dsv
-- Up-to-date: /root/ros2_ws/install/franka_opcua_bridge/share/franka_opcua_bridge/local_setup.bash
-- Up-to-date: /root/ros2_ws/install/franka_opcua_bridge/share/franka_opcua_bridge/local_setup.sh
-- Up-to-date: /root/ros2_ws/install/franka_opcua_bridge/share/franka_opcua_bridge/local_setup.zsh
-- Up-to-date: /root/ros2_ws/install/franka_opcua_bridge/share/franka_opcua_bridge/local_setup.dsv
-- Installing: /root/ros2_ws/install/franka_opcua_bridge/share/franka_opcua_bridge/package.dsv
-- Up-to-date: /root/ros2_ws/install/franka_opcua_bridge/share/ament_index/resource_index/packages/franka_opcua_bridge
-- Up-to-date: /root/ros2_ws/install/franka_opcua_bridge/share/franka_opcua_bridge/cmake/franka_opcua_bridgeConfig.cmake
-- Up-to-date: /root/ros2_ws/install/franka_opcua_bridge/share/franka_opcua_bridge/cmake/franka_opcua_bridgeConfig-version.cmake
-- Up-to-date: /root/ros2_ws/install/franka_opcua_bridge/share/franka_opcua_bridge/package.xml
