[0.131s] Invoking command in '/root/ros2_ws/build/franka_opcua_bridge': /usr/bin/cmake /root/ros2_ws/src/franka_opcua_bridge -DCMAKE_INSTALL_PREFIX=/root/ros2_ws/install/franka_opcua_bridge
[0.256s] -- Found ament_cmake: 1.3.14 (/opt/ros/humble/share/ament_cmake/cmake)
[0.458s] -- Found rclcpp: 16.0.19 (/opt/ros/humble/share/rclcpp/cmake)
[0.478s] -- Found rosidl_generator_c: 3.1.9 (/opt/ros/humble/share/rosidl_generator_c/cmake)
[0.479s] -- Found rosidl_adapter: 3.1.9 (/opt/ros/humble/share/rosidl_adapter/cmake)
[0.500s] -- Found rosidl_generator_cpp: 3.1.9 (/opt/ros/humble/share/rosidl_generator_cpp/cmake)
[0.503s] -- Using all available rosidl_typesupport_c: rosidl_typesupport_fastrtps_c;rosidl_typesupport_introspection_c
[0.511s] -- Using all available rosidl_typesupport_cpp: rosidl_typesupport_fastrtps_cpp;rosidl_typesupport_introspection_cpp
[0.535s] -- Found rmw_implementation_cmake: 6.1.3 (/opt/ros/humble/share/rmw_implementation_cmake/cmake)
[0.535s] -- Found rmw_fastrtps_cpp: 6.2.10 (/opt/ros/humble/share/rmw_fastrtps_cpp/cmake)
[0.650s] -- Using RMW implementation 'rmw_fastrtps_cpp' as default
[0.694s] -- Found geometry_msgs: 4.9.2 (/opt/ros/humble/share/geometry_msgs/cmake)
[0.704s] -- Found sensor_msgs: 4.9.2 (/opt/ros/humble/share/sensor_msgs/cmake)
[0.716s] -- Found ament_lint_auto: 0.12.15 (/opt/ros/humble/share/ament_lint_auto/cmake)
[0.797s] Error parsing '/root/ros2_ws/src/franka_opcua_bridge/package.xml':
[0.798s] Traceback (most recent call last):
[0.799s]   File "/opt/ros/humble/share/ament_cmake_core/cmake/core/package_xml_2_cmake.py", line 150, in <module>
[0.800s]     main()
[0.801s]   File "/opt/ros/humble/share/ament_cmake_core/cmake/core/package_xml_2_cmake.py", line 53, in main
[0.802s]     raise e
[0.803s]   File "/opt/ros/humble/share/ament_cmake_core/cmake/core/package_xml_2_cmake.py", line 49, in main
[0.804s]     package = parse_package_string(
[0.805s]   File "/usr/lib/python3/dist-packages/catkin_pkg/package.py", line 647, in parse_package_string
[0.807s]     _get_node_attr(node, 'email')
[0.811s]   File "/usr/lib/python3/dist-packages/catkin_pkg/package.py", line 843, in _get_node_attr
[0.812s]     raise InvalidPackage('The "%s" tag must have the attribute "%s"' % (node.tagName, attr))
[0.814s] catkin_pkg.package.InvalidPackage: The "maintainer" tag must have the attribute "email"
[0.816s] [31mCMake Error at /opt/ros/humble/share/ament_cmake_core/cmake/core/ament_package_xml.cmake:95 (message):
[0.818s]   execute_process(/usr/bin/python3
[0.820s]   /opt/ros/humble/share/ament_cmake_core/cmake/core/package_xml_2_cmake.py
[0.822s]   /root/ros2_ws/src/franka_opcua_bridge/package.xml
[0.825s]   /root/ros2_ws/build/franka_opcua_bridge/ament_cmake_core/package.cmake)
[0.827s]   returned error code 1
[0.829s] Call Stack (most recent call first):
[0.831s]   /opt/ros/humble/share/ament_cmake_core/cmake/core/ament_package_xml.cmake:49 (_ament_package_xml)
[0.833s]   /opt/ros/humble/share/ament_lint_auto/cmake/ament_lint_auto_find_test_dependencies.cmake:31 (ament_package_xml)
[0.835s]   CMakeLists.txt:27 (ament_lint_auto_find_test_dependencies)
[0.838s] 
[0.840s] [0m
[0.840s] -- Configuring incomplete, errors occurred!
[0.841s] See also "/root/ros2_ws/build/franka_opcua_bridge/CMakeFiles/CMakeOutput.log".
[0.922s] Invoked command in '/root/ros2_ws/build/franka_opcua_bridge' returned '1': /usr/bin/cmake /root/ros2_ws/src/franka_opcua_bridge -DCMAKE_INSTALL_PREFIX=/root/ros2_ws/install/franka_opcua_bridge
