-- Found ament_cmake: 1.3.14 (/opt/ros/humble/share/ament_cmake/cmake)
-- Found rclcpp: 16.0.19 (/opt/ros/humble/share/rclcpp/cmake)
-- Found rosidl_generator_c: 3.1.9 (/opt/ros/humble/share/rosidl_generator_c/cmake)
-- Found rosidl_adapter: 3.1.9 (/opt/ros/humble/share/rosidl_adapter/cmake)
-- Found rosidl_generator_cpp: 3.1.9 (/opt/ros/humble/share/rosidl_generator_cpp/cmake)
-- Using all available rosidl_typesupport_c: rosidl_typesupport_fastrtps_c;rosidl_typesupport_introspection_c
-- Using all available rosidl_typesupport_cpp: rosidl_typesupport_fastrtps_cpp;rosidl_typesupport_introspection_cpp
-- Found rmw_implementation_cmake: 6.1.3 (/opt/ros/humble/share/rmw_implementation_cmake/cmake)
-- Found rmw_fastrtps_cpp: 6.2.10 (/opt/ros/humble/share/rmw_fastrtps_cpp/cmake)
-- Using RMW implementation 'rmw_fastrtps_cpp' as default
-- Found geometry_msgs: 4.9.2 (/opt/ros/humble/share/geometry_msgs/cmake)
-- Found sensor_msgs: 4.9.2 (/opt/ros/humble/share/sensor_msgs/cmake)
-- Found ament_lint_auto: 0.12.15 (/opt/ros/humble/share/ament_lint_auto/cmake)
-- Found gtest sources under '/opt/ros/humble/src/gtest_vendor': C++ tests using 'Google Test' will be built
-- Added test 'cppcheck' to perform static code analysis on C / C++ code
-- Configured cppcheck include dirs: /root/ros2_ws/src/franka_opcua_bridge/include
-- Configured cppcheck exclude dirs and/or files: 
-- Added test 'lint_cmake' to check CMake code style
-- Added test 'uncrustify' to check C / C++ code style
-- Configured uncrustify additional arguments: 
-- Added test 'xmllint' to check XML markup files
-- Configuring done
-- Generating done
-- Build files have been written to: /root/ros2_ws/build/franka_opcua_bridge
gmake[1]: Warning: File 'CMakeFiles/Makefile2' has modification time 0.25 s in the future
gmake[2]: Warning: File 'gtest/CMakeFiles/gtest_main.dir/progress.make' has modification time 0.11 s in the future
gmake[2]: Warning: File 'gtest/CMakeFiles/gtest.dir/progress.make' has modification time 0.087 s in the future
gmake[2]: Warning: File 'CMakeFiles/franka_bridge_node.dir/progress.make' has modification time 0.02 s in the future
gmake[2]: warning:  Clock skew detected.  Your build may be incomplete.
gmake[2]: warning:  Clock skew detected.  Your build may be incomplete.
gmake[2]: warning:  Clock skew detected.  Your build may be incomplete.
gmake[2]: Warning: File 'gtest/CMakeFiles/gtest_main.dir/progress.make' has modification time 0.023 s in the future
[ 22%] [32mBuilding CXX object gtest/CMakeFiles/gtest_main.dir/src/gtest_main.cc.o[0m
[ 22%] [32mBuilding CXX object gtest/CMakeFiles/gtest.dir/src/gtest-all.cc.o[0m
[ 33%] [32mBuilding CXX object CMakeFiles/franka_bridge_node.dir/src/franka_bridge_node.cpp.o[0m
[ 44%] [32m[1mLinking CXX static library libgtest_main.a[0m
gmake[2]: warning:  Clock skew detected.  Your build may be incomplete.
[ 44%] Built target gtest_main
[ 55%] [32m[1mLinking CXX executable franka_bridge_node[0m
[ 66%] [32m[1mLinking CXX static library libgtest.a[0m
[ 66%] Built target franka_bridge_node
[ 66%] Built target gtest
gmake[2]: Warning: File 'gtest/libgtest.a' has modification time 0.26 s in the future
[ 77%] [32mBuilding CXX object CMakeFiles/test_fake_robot.dir/test/test_fake_robot.cpp.o[0m
[ 88%] [32mBuilding CXX object CMakeFiles/test_fake_robot.dir/src/fake_robot.cpp.o[0m
[100%] [32m[1mLinking CXX executable test_fake_robot[0m
gmake[2]: warning:  Clock skew detected.  Your build may be incomplete.
[100%] Built target test_fake_robot
gmake[1]: warning:  Clock skew detected.  Your build may be incomplete.
-- Install configuration: ""
-- Installing: /root/ros2_ws/install/franka_opcua_bridge/lib/franka_opcua_bridge/franka_bridge_node
-- Set runtime path of "/root/ros2_ws/install/franka_opcua_bridge/lib/franka_opcua_bridge/franka_bridge_node" to ""
-- Installing: /root/ros2_ws/install/franka_opcua_bridge/share/ament_index/resource_index/package_run_dependencies/franka_opcua_bridge
-- Installing: /root/ros2_ws/install/franka_opcua_bridge/share/ament_index/resource_index/parent_prefix_path/franka_opcua_bridge
-- Installing: /root/ros2_ws/install/franka_opcua_bridge/share/franka_opcua_bridge/environment/ament_prefix_path.sh
-- Installing: /root/ros2_ws/install/franka_opcua_bridge/share/franka_opcua_bridge/environment/ament_prefix_path.dsv
-- Installing: /root/ros2_ws/install/franka_opcua_bridge/share/franka_opcua_bridge/environment/path.sh
-- Installing: /root/ros2_ws/install/franka_opcua_bridge/share/franka_opcua_bridge/environment/path.dsv
-- Installing: /root/ros2_ws/install/franka_opcua_bridge/share/franka_opcua_bridge/local_setup.bash
-- Installing: /root/ros2_ws/install/franka_opcua_bridge/share/franka_opcua_bridge/local_setup.sh
-- Installing: /root/ros2_ws/install/franka_opcua_bridge/share/franka_opcua_bridge/local_setup.zsh
-- Installing: /root/ros2_ws/install/franka_opcua_bridge/share/franka_opcua_bridge/local_setup.dsv
-- Installing: /root/ros2_ws/install/franka_opcua_bridge/share/franka_opcua_bridge/package.dsv
-- Installing: /root/ros2_ws/install/franka_opcua_bridge/share/ament_index/resource_index/packages/franka_opcua_bridge
-- Installing: /root/ros2_ws/install/franka_opcua_bridge/share/franka_opcua_bridge/cmake/franka_opcua_bridgeConfig.cmake
-- Installing: /root/ros2_ws/install/franka_opcua_bridge/share/franka_opcua_bridge/cmake/franka_opcua_bridgeConfig-version.cmake
-- Installing: /root/ros2_ws/install/franka_opcua_bridge/share/franka_opcua_bridge/package.xml
