[0.140s] Invoking command in '/root/ros2_ws/build/franka_opcua_bridge': CMAKE_PREFIX_PATH=/opt/ros/humble /usr/bin/cmake /root/ros2_ws/src/franka_opcua_bridge -DCMAKE_INSTALL_PREFIX=/root/ros2_ws/install/franka_opcua_bridge
[0.306s] -- Found ament_cmake: 1.3.14 (/opt/ros/humble/share/ament_cmake/cmake)
[0.520s] -- Found rclcpp: 16.0.19 (/opt/ros/humble/share/rclcpp/cmake)
[0.537s] -- Found rosidl_generator_c: 3.1.9 (/opt/ros/humble/share/rosidl_generator_c/cmake)
[0.538s] -- Found rosidl_adapter: 3.1.9 (/opt/ros/humble/share/rosidl_adapter/cmake)
[0.541s] -- Found rosidl_generator_cpp: 3.1.9 (/opt/ros/humble/share/rosidl_generator_cpp/cmake)
[0.551s] -- Using all available rosidl_typesupport_c: rosidl_typesupport_fastrtps_c;rosidl_typesupport_introspection_c
[0.568s] -- Using all available rosidl_typesupport_cpp: rosidl_typesupport_fastrtps_cpp;rosidl_typesupport_introspection_cpp
[0.631s] -- Found rmw_implementation_cmake: 6.1.3 (/opt/ros/humble/share/rmw_implementation_cmake/cmake)
[0.635s] -- Found rmw_fastrtps_cpp: 6.2.10 (/opt/ros/humble/share/rmw_fastrtps_cpp/cmake)
[0.988s] -- Using RMW implementation 'rmw_fastrtps_cpp' as default
[1.031s] -- Found geometry_msgs: 4.9.2 (/opt/ros/humble/share/geometry_msgs/cmake)
[1.039s] -- Found sensor_msgs: 4.9.2 (/opt/ros/humble/share/sensor_msgs/cmake)
[1.054s] -- Found ament_lint_auto: 0.12.15 (/opt/ros/humble/share/ament_lint_auto/cmake)
[1.208s] -- Found gtest sources under '/opt/ros/humble/src/gtest_vendor': C++ tests using 'Google Test' will be built
[2.533s] -- Added test 'cppcheck' to perform static code analysis on C / C++ code
[2.534s] -- Configured cppcheck include dirs: /root/ros2_ws/src/franka_opcua_bridge/include
[2.536s] -- Configured cppcheck exclude dirs and/or files: 
[2.985s] -- Added test 'lint_cmake' to check CMake code style
[4.077s] -- Added test 'uncrustify' to check C / C++ code style
[4.078s] -- Configured uncrustify additional arguments: 
[4.198s] -- Added test 'xmllint' to check XML markup files
[4.351s] -- Configuring done
[5.621s] -- Generating done
[6.510s] -- Build files have been written to: /root/ros2_ws/build/franka_opcua_bridge
[6.517s] Invoked command in '/root/ros2_ws/build/franka_opcua_bridge' returned '0': CMAKE_PREFIX_PATH=/opt/ros/humble /usr/bin/cmake /root/ros2_ws/src/franka_opcua_bridge -DCMAKE_INSTALL_PREFIX=/root/ros2_ws/install/franka_opcua_bridge
[6.537s] Invoking command in '/root/ros2_ws/build/franka_opcua_bridge': CMAKE_PREFIX_PATH=/opt/ros/humble /usr/bin/cmake --build /root/ros2_ws/build/franka_opcua_bridge -- -j12 -l12
[6.711s] gmake[1]: Warning: File 'CMakeFiles/Makefile2' has modification time 0.25 s in the future
[6.765s] gmake[2]: Warning: File 'gtest/CMakeFiles/gtest_main.dir/progress.make' has modification time 0.11 s in the future
[6.769s] gmake[2]: Warning: File 'gtest/CMakeFiles/gtest.dir/progress.make' has modification time 0.087 s in the future
[6.777s] gmake[2]: Warning: File 'CMakeFiles/franka_bridge_node.dir/progress.make' has modification time 0.02 s in the future
[6.814s] gmake[2]: warning:  Clock skew detected.  Your build may be incomplete.
[6.818s] gmake[2]: warning:  Clock skew detected.  Your build may be incomplete.
[6.831s] gmake[2]: warning:  Clock skew detected.  Your build may be incomplete.
[6.854s] gmake[2]: Warning: File 'gtest/CMakeFiles/gtest_main.dir/progress.make' has modification time 0.023 s in the future
[6.893s] [ 22%] [32mBuilding CXX object gtest/CMakeFiles/gtest_main.dir/src/gtest_main.cc.o[0m
[6.898s] [ 22%] [32mBuilding CXX object gtest/CMakeFiles/gtest.dir/src/gtest-all.cc.o[0m
[6.929s] [ 33%] [32mBuilding CXX object CMakeFiles/franka_bridge_node.dir/src/franka_bridge_node.cpp.o[0m
[8.339s] [ 44%] [32m[1mLinking CXX static library libgtest_main.a[0m
[8.454s] gmake[2]: warning:  Clock skew detected.  Your build may be incomplete.
[8.474s] [ 44%] Built target gtest_main
[11.117s] [ 55%] [32m[1mLinking CXX executable franka_bridge_node[0m
[11.159s] [ 66%] [32m[1mLinking CXX static library libgtest.a[0m
[11.680s] [ 66%] Built target franka_bridge_node
[13.578s] [ 66%] Built target gtest
[13.809s] gmake[2]: Warning: File 'gtest/libgtest.a' has modification time 0.26 s in the future
[13.818s] [ 77%] [32mBuilding CXX object CMakeFiles/test_fake_robot.dir/test/test_fake_robot.cpp.o[0m
[13.829s] [ 88%] [32mBuilding CXX object CMakeFiles/test_fake_robot.dir/src/fake_robot.cpp.o[0m
[15.635s] [100%] [32m[1mLinking CXX executable test_fake_robot[0m
[17.988s] gmake[2]: warning:  Clock skew detected.  Your build may be incomplete.
[18.057s] [100%] Built target test_fake_robot
[18.058s] gmake[1]: warning:  Clock skew detected.  Your build may be incomplete.
[18.195s] Invoked command in '/root/ros2_ws/build/franka_opcua_bridge' returned '0': CMAKE_PREFIX_PATH=/opt/ros/humble /usr/bin/cmake --build /root/ros2_ws/build/franka_opcua_bridge -- -j12 -l12
[18.265s] Invoking command in '/root/ros2_ws/build/franka_opcua_bridge': CMAKE_PREFIX_PATH=/opt/ros/humble /usr/bin/cmake --install /root/ros2_ws/build/franka_opcua_bridge
[18.279s] -- Install configuration: ""
[18.336s] -- Installing: /root/ros2_ws/install/franka_opcua_bridge/lib/franka_opcua_bridge/franka_bridge_node
[18.576s] -- Set runtime path of "/root/ros2_ws/install/franka_opcua_bridge/lib/franka_opcua_bridge/franka_bridge_node" to ""
[18.705s] -- Installing: /root/ros2_ws/install/franka_opcua_bridge/share/ament_index/resource_index/package_run_dependencies/franka_opcua_bridge
[19.010s] -- Installing: /root/ros2_ws/install/franka_opcua_bridge/share/ament_index/resource_index/parent_prefix_path/franka_opcua_bridge
[19.257s] -- Installing: /root/ros2_ws/install/franka_opcua_bridge/share/franka_opcua_bridge/environment/ament_prefix_path.sh
[19.383s] -- Installing: /root/ros2_ws/install/franka_opcua_bridge/share/franka_opcua_bridge/environment/ament_prefix_path.dsv
[19.491s] -- Installing: /root/ros2_ws/install/franka_opcua_bridge/share/franka_opcua_bridge/environment/path.sh
[19.558s] -- Installing: /root/ros2_ws/install/franka_opcua_bridge/share/franka_opcua_bridge/environment/path.dsv
[19.624s] -- Installing: /root/ros2_ws/install/franka_opcua_bridge/share/franka_opcua_bridge/local_setup.bash
[19.714s] -- Installing: /root/ros2_ws/install/franka_opcua_bridge/share/franka_opcua_bridge/local_setup.sh
[19.876s] -- Installing: /root/ros2_ws/install/franka_opcua_bridge/share/franka_opcua_bridge/local_setup.zsh
[19.999s] -- Installing: /root/ros2_ws/install/franka_opcua_bridge/share/franka_opcua_bridge/local_setup.dsv
[20.217s] -- Installing: /root/ros2_ws/install/franka_opcua_bridge/share/franka_opcua_bridge/package.dsv
[20.450s] -- Installing: /root/ros2_ws/install/franka_opcua_bridge/share/ament_index/resource_index/packages/franka_opcua_bridge
[20.680s] -- Installing: /root/ros2_ws/install/franka_opcua_bridge/share/franka_opcua_bridge/cmake/franka_opcua_bridgeConfig.cmake
[20.787s] -- Installing: /root/ros2_ws/install/franka_opcua_bridge/share/franka_opcua_bridge/cmake/franka_opcua_bridgeConfig-version.cmake
[20.929s] -- Installing: /root/ros2_ws/install/franka_opcua_bridge/share/franka_opcua_bridge/package.xml
[21.070s] Invoked command in '/root/ros2_ws/build/franka_opcua_bridge' returned '0': CMAKE_PREFIX_PATH=/opt/ros/humble /usr/bin/cmake --install /root/ros2_ws/build/franka_opcua_bridge
