[0.251s] Invoking command in '/root/ros2_ws/build/franka_opcua_bridge': CMAKE_PREFIX_PATH=/opt/ros/humble /usr/bin/cmake /root/ros2_ws/src/franka_opcua_bridge -DCMAKE_INSTALL_PREFIX=/root/ros2_ws/install/franka_opcua_bridge
[0.424s] -- Found ament_cmake: 1.3.14 (/opt/ros/humble/share/ament_cmake/cmake)
[0.688s] -- Found rclcpp: 16.0.19 (/opt/ros/humble/share/rclcpp/cmake)
[0.730s] -- Found rosidl_generator_c: 3.1.9 (/opt/ros/humble/share/rosidl_generator_c/cmake)
[0.732s] -- Found rosidl_adapter: 3.1.9 (/opt/ros/humble/share/rosidl_adapter/cmake)
[0.739s] -- Found rosidl_generator_cpp: 3.1.9 (/opt/ros/humble/share/rosidl_generator_cpp/cmake)
[0.762s] -- Using all available rosidl_typesupport_c: rosidl_typesupport_fastrtps_c;rosidl_typesupport_introspection_c
[0.782s] -- Using all available rosidl_typesupport_cpp: rosidl_typesupport_fastrtps_cpp;rosidl_typesupport_introspection_cpp
[0.824s] -- Found rmw_implementation_cmake: 6.1.3 (/opt/ros/humble/share/rmw_implementation_cmake/cmake)
[0.827s] -- Found rmw_fastrtps_cpp: 6.2.10 (/opt/ros/humble/share/rmw_fastrtps_cpp/cmake)
[0.945s] -- Using RMW implementation 'rmw_fastrtps_cpp' as default
[1.002s] -- Found geometry_msgs: 4.9.2 (/opt/ros/humble/share/geometry_msgs/cmake)
[1.014s] -- Found sensor_msgs: 4.9.2 (/opt/ros/humble/share/sensor_msgs/cmake)
[1.031s] -- Found ament_lint_auto: 0.12.15 (/opt/ros/humble/share/ament_lint_auto/cmake)
[1.283s] -- Found gtest sources under '/opt/ros/humble/src/gtest_vendor': C++ tests using 'Google Test' will be built
[2.219s] -- Added test 'cppcheck' to perform static code analysis on C / C++ code
[2.219s] -- Configured cppcheck include dirs: /root/ros2_ws/src/franka_opcua_bridge/include
[2.220s] -- Configured cppcheck exclude dirs and/or files: 
[2.395s] -- Added test 'lint_cmake' to check CMake code style
[2.982s] -- Added test 'uncrustify' to check C / C++ code style
[2.983s] -- Configured uncrustify additional arguments: 
[3.018s] -- Added test 'xmllint' to check XML markup files
[3.293s] -- Configuring done
[3.465s] [31mCMake Error at CMakeLists.txt:16 (add_executable):
[3.466s]   Cannot find source file:
[3.468s] 
[3.470s]     src/franka_bridge_node.cpp
[3.474s] 
[3.475s]   Tried extensions .c .C .c++ .cc .cpp .cxx .cu .mpp .m .M .mm .ixx .cppm .h
[3.477s]   .hh .h++ .hm .hpp .hxx .in .txx .f .F .for .f77 .f90 .f95 .f03 .hip .ispc
[3.478s] 
[3.480s] [0m
[3.545s] [31mCMake Error at /opt/ros/humble/share/ament_cmake_gtest/cmake/ament_add_gtest_executable.cmake:50 (add_executable):
[3.546s]   Cannot find source file:
[3.546s] 
[3.548s]     test/test_fake_robot.cpp
[3.548s] 
[3.550s]   Tried extensions .c .C .c++ .cc .cpp .cxx .cu .mpp .m .M .mm .ixx .cppm .h
[3.551s]   .hh .h++ .hm .hpp .hxx .in .txx .f .F .for .f77 .f90 .f95 .f03 .hip .ispc
[3.552s] Call Stack (most recent call first):
[3.553s]   /opt/ros/humble/share/ament_cmake_gtest/cmake/ament_add_gtest_executable.cmake:37 (_ament_add_gtest_executable)
[3.554s]   /opt/ros/humble/share/ament_cmake_gtest/cmake/ament_add_gtest.cmake:68 (ament_add_gtest_executable)
[3.555s]   CMakeLists.txt:30 (ament_add_gtest)
[3.556s] 
[3.558s] [0m
[3.559s] [31mCMake Error at CMakeLists.txt:16 (add_executable):
[3.560s]   No SOURCES given to target: franka_bridge_node
[3.561s] 
[3.562s] [0m
[3.563s] [31mCMake Error at /opt/ros/humble/share/ament_cmake_gtest/cmake/ament_add_gtest_executable.cmake:50 (add_executable):
[3.564s]   No SOURCES given to target: test_fake_robot
[3.565s] Call Stack (most recent call first):
[3.566s]   /opt/ros/humble/share/ament_cmake_gtest/cmake/ament_add_gtest_executable.cmake:37 (_ament_add_gtest_executable)
[3.567s]   /opt/ros/humble/share/ament_cmake_gtest/cmake/ament_add_gtest.cmake:68 (ament_add_gtest_executable)
[3.569s]   CMakeLists.txt:30 (ament_add_gtest)
[3.570s] 
[3.571s] [0m
[3.572s] [0mCMake Generate step failed.  Build files cannot be regenerated correctly.[0m
[3.573s] Invoked command in '/root/ros2_ws/build/franka_opcua_bridge' returned '1': CMAKE_PREFIX_PATH=/opt/ros/humble /usr/bin/cmake /root/ros2_ws/src/franka_opcua_bridge -DCMAKE_INSTALL_PREFIX=/root/ros2_ws/install/franka_opcua_bridge
