[0.115s] Invoking command in '/root/ros2_ws/build/franka_opcua_bridge': /usr/bin/cmake /root/ros2_ws/src/franka_opcua_bridge -DCMAKE_INSTALL_PREFIX=/root/ros2_ws/install/franka_opcua_bridge
[0.244s] -- Found ament_cmake: 1.3.14 (/opt/ros/humble/share/ament_cmake/cmake)
[0.484s] -- Found rclcpp: 16.0.19 (/opt/ros/humble/share/rclcpp/cmake)
[0.501s] -- Found rosidl_generator_c: 3.1.9 (/opt/ros/humble/share/rosidl_generator_c/cmake)
[0.503s] -- Found rosidl_adapter: 3.1.9 (/opt/ros/humble/share/rosidl_adapter/cmake)
[0.506s] -- Found rosidl_generator_cpp: 3.1.9 (/opt/ros/humble/share/rosidl_generator_cpp/cmake)
[0.515s] -- Using all available rosidl_typesupport_c: rosidl_typesupport_fastrtps_c;rosidl_typesupport_introspection_c
[0.528s] -- Using all available rosidl_typesupport_cpp: rosidl_typesupport_fastrtps_cpp;rosidl_typesupport_introspection_cpp
[0.553s] -- Found rmw_implementation_cmake: 6.1.3 (/opt/ros/humble/share/rmw_implementation_cmake/cmake)
[0.553s] -- Found rmw_fastrtps_cpp: 6.2.10 (/opt/ros/humble/share/rmw_fastrtps_cpp/cmake)
[0.636s] -- Using RMW implementation 'rmw_fastrtps_cpp' as default
[0.671s] -- Found geometry_msgs: 4.9.2 (/opt/ros/humble/share/geometry_msgs/cmake)
[0.680s] -- Found sensor_msgs: 4.9.2 (/opt/ros/humble/share/sensor_msgs/cmake)
[0.692s] -- Found ament_lint_auto: 0.12.15 (/opt/ros/humble/share/ament_lint_auto/cmake)
[0.823s] Error parsing '/root/ros2_ws/src/franka_opcua_bridge/package.xml':
[0.825s] Traceback (most recent call last):
[0.827s]   File "/usr/lib/python3/dist-packages/catkin_pkg/package.py", line 610, in parse_package_string
[0.828s]     root = dom.parseString(data)
[0.830s]   File "/usr/lib/python3.10/xml/dom/minidom.py", line 1995, in parseString
[0.831s]     return expatbuilder.parseString(string)
[0.833s]   File "/usr/lib/python3.10/xml/dom/expatbuilder.py", line 925, in parseString
[0.834s]     return builder.parseString(string)
[0.836s]   File "/usr/lib/python3.10/xml/dom/expatbuilder.py", line 223, in parseString
[0.838s]     parser.Parse(string, True)
[0.841s] xml.parsers.expat.ExpatError: no element found: line 1, column 0
[0.843s] 
[0.845s] During handling of the above exception, another exception occurred:
[0.847s] 
[0.848s] Traceback (most recent call last):
[0.850s]   File "/opt/ros/humble/share/ament_cmake_core/cmake/core/package_xml_2_cmake.py", line 150, in <module>
[0.851s]     main()
[0.852s]   File "/opt/ros/humble/share/ament_cmake_core/cmake/core/package_xml_2_cmake.py", line 53, in main
[0.853s]     raise e
[0.854s]   File "/opt/ros/humble/share/ament_cmake_core/cmake/core/package_xml_2_cmake.py", line 49, in main
[0.855s]     package = parse_package_string(
[0.856s]   File "/usr/lib/python3/dist-packages/catkin_pkg/package.py", line 612, in parse_package_string
[0.857s]     raise InvalidPackage('The manifest contains invalid XML:\n%s' % ex, filename)
[0.858s] catkin_pkg.package.InvalidPackage: Error(s) in package '/root/ros2_ws/src/franka_opcua_bridge/package.xml':
[0.859s] The manifest contains invalid XML:
[0.861s] no element found: line 1, column 0
[0.862s] [31mCMake Error at /opt/ros/humble/share/ament_cmake_core/cmake/core/ament_package_xml.cmake:95 (message):
[0.863s]   execute_process(/usr/bin/python3
[0.865s]   /opt/ros/humble/share/ament_cmake_core/cmake/core/package_xml_2_cmake.py
[0.866s]   /root/ros2_ws/src/franka_opcua_bridge/package.xml
[0.867s]   /root/ros2_ws/build/franka_opcua_bridge/ament_cmake_core/package.cmake)
[0.869s]   returned error code 1
[0.870s] Call Stack (most recent call first):
[0.871s]   /opt/ros/humble/share/ament_cmake_core/cmake/core/ament_package_xml.cmake:49 (_ament_package_xml)
[0.872s]   /opt/ros/humble/share/ament_lint_auto/cmake/ament_lint_auto_find_test_dependencies.cmake:31 (ament_package_xml)
[0.873s]   CMakeLists.txt:27 (ament_lint_auto_find_test_dependencies)
[0.874s] 
[0.875s] [0m
[0.876s] -- Configuring incomplete, errors occurred!
[0.878s] See also "/root/ros2_ws/build/franka_opcua_bridge/CMakeFiles/CMakeOutput.log".
[0.933s] Invoked command in '/root/ros2_ws/build/franka_opcua_bridge' returned '1': /usr/bin/cmake /root/ros2_ws/src/franka_opcua_bridge -DCMAKE_INSTALL_PREFIX=/root/ros2_ws/install/franka_opcua_bridge
