[0.307s] DEBUG:colcon:Command line arguments: ['/usr/bin/colcon', 'build', '--packages-select', 'franka_opcua_bridge']
[0.308s] DEBUG:colcon:Parsed command line arguments: Namespace(log_base=None, log_level=None, verb_name='build', build_base='build', install_base='install', merge_install=False, symlink_install=False, test_result_base=None, continue_on_error=False, executor='parallel', parallel_workers=12, event_handlers=None, ignore_user_meta=False, metas=['./colcon.meta'], base_paths=['.'], packages_ignore=None, packages_ignore_regex=None, paths=None, packages_up_to=None, packages_up_to_regex=None, packages_above=None, packages_above_and_dependencies=None, packages_above_depth=None, packages_select_by_dep=None, packages_skip_by_dep=None, packages_skip_up_to=None, packages_select_build_failed=False, packages_skip_build_finished=False, packages_select_test_failures=False, packages_skip_test_passed=False, packages_select=['franka_opcua_bridge'], packages_skip=None, packages_select_regex=None, packages_skip_regex=None, packages_start=None, packages_end=None, cmake_args=None, cmake_target=None, cmake_target_skip_unavailable=False, cmake_clean_cache=False, cmake_clean_first=False, cmake_force_configure=False, ament_cmake_args=None, catkin_cmake_args=None, catkin_skip_building_tests=False, mixin_files=None, mixin=None, verb_parser=<colcon_mixin.mixin.mixin_argument.MixinArgumentDecorator object at 0x7f48c0e9f7c0>, verb_extension=<colcon_core.verb.build.BuildVerb object at 0x7f48c0e9f310>, main=<bound method BuildVerb.main of <colcon_core.verb.build.BuildVerb object at 0x7f48c0e9f310>>, mixin_verb=('build',))
[0.616s] Level 1:colcon.colcon_core.package_discovery:discover_packages(colcon_meta) check parameters
[0.618s] INFO:colcon.colcon_metadata.package_discovery.colcon_meta:Using configuration from '/root/.colcon/metadata/default/Gazebo.meta'
[0.619s] INFO:colcon.colcon_metadata.package_discovery.colcon_meta:Using configuration from '/root/.colcon/metadata/default/fastdds.meta'
[0.620s] INFO:colcon.colcon_metadata.package_discovery.colcon_meta:Using configuration from '/root/.colcon/metadata/default/fastrtps.meta'
[0.621s] Level 1:colcon.colcon_core.package_discovery:discover_packages(recursive) check parameters
[0.621s] Level 1:colcon.colcon_core.package_discovery:discover_packages(ignore) check parameters
[0.621s] Level 1:colcon.colcon_core.package_discovery:discover_packages(path) check parameters
[0.622s] Level 1:colcon.colcon_core.package_discovery:discover_packages(colcon_meta) discover
[0.622s] Level 1:colcon.colcon_core.package_discovery:discover_packages(recursive) discover
[0.622s] INFO:colcon.colcon_core.package_discovery:Crawling recursively for packages in '/root/ros2_ws'
[0.626s] Level 1:colcon.colcon_core.package_identification:_identify(.) by extensions ['ignore', 'ignore_ament_install']
[0.626s] Level 1:colcon.colcon_core.package_identification:_identify(.) by extension 'ignore'
[0.627s] Level 1:colcon.colcon_core.package_identification:_identify(.) by extension 'ignore_ament_install'
[0.629s] Level 1:colcon.colcon_core.package_identification:_identify(.) by extensions ['colcon_pkg']
[0.630s] Level 1:colcon.colcon_core.package_identification:_identify(.) by extension 'colcon_pkg'
[0.631s] Level 1:colcon.colcon_core.package_identification:_identify(.) by extensions ['colcon_meta']
[0.631s] Level 1:colcon.colcon_core.package_identification:_identify(.) by extension 'colcon_meta'
[0.632s] Level 1:colcon.colcon_core.package_identification:_identify(.) by extensions ['ros']
[0.632s] Level 1:colcon.colcon_core.package_identification:_identify(.) by extension 'ros'
[0.654s] Level 1:colcon.colcon_core.package_identification:_identify(.) by extensions ['cmake', 'python']
[0.655s] Level 1:colcon.colcon_core.package_identification:_identify(.) by extension 'cmake'
[0.656s] Level 1:colcon.colcon_core.package_identification:_identify(.) by extension 'python'
[0.657s] Level 1:colcon.colcon_core.package_identification:_identify(.) by extensions ['python_setup_py']
[0.657s] Level 1:colcon.colcon_core.package_identification:_identify(.) by extension 'python_setup_py'
[0.663s] Level 1:colcon.colcon_core.package_identification:_identify(build) by extensions ['ignore', 'ignore_ament_install']
[0.663s] Level 1:colcon.colcon_core.package_identification:_identify(build) by extension 'ignore'
[0.665s] Level 1:colcon.colcon_core.package_identification:_identify(build) ignored
[0.670s] Level 1:colcon.colcon_core.package_identification:_identify(install) by extensions ['ignore', 'ignore_ament_install']
[0.670s] Level 1:colcon.colcon_core.package_identification:_identify(install) by extension 'ignore'
[0.673s] Level 1:colcon.colcon_core.package_identification:_identify(install) ignored
[0.687s] Level 1:colcon.colcon_core.package_identification:_identify(log) by extensions ['ignore', 'ignore_ament_install']
[0.687s] Level 1:colcon.colcon_core.package_identification:_identify(log) by extension 'ignore'
[0.689s] Level 1:colcon.colcon_core.package_identification:_identify(log) ignored
[0.694s] Level 1:colcon.colcon_core.package_identification:_identify(src) by extensions ['ignore', 'ignore_ament_install']
[0.695s] Level 1:colcon.colcon_core.package_identification:_identify(src) by extension 'ignore'
[0.696s] Level 1:colcon.colcon_core.package_identification:_identify(src) by extension 'ignore_ament_install'
[0.700s] Level 1:colcon.colcon_core.package_identification:_identify(src) by extensions ['colcon_pkg']
[0.700s] Level 1:colcon.colcon_core.package_identification:_identify(src) by extension 'colcon_pkg'
[0.702s] Level 1:colcon.colcon_core.package_identification:_identify(src) by extensions ['colcon_meta']
[0.702s] Level 1:colcon.colcon_core.package_identification:_identify(src) by extension 'colcon_meta'
[0.703s] Level 1:colcon.colcon_core.package_identification:_identify(src) by extensions ['ros']
[0.703s] Level 1:colcon.colcon_core.package_identification:_identify(src) by extension 'ros'
[0.709s] Level 1:colcon.colcon_core.package_identification:_identify(src) by extensions ['cmake', 'python']
[0.709s] Level 1:colcon.colcon_core.package_identification:_identify(src) by extension 'cmake'
[0.710s] Level 1:colcon.colcon_core.package_identification:_identify(src) by extension 'python'
[0.712s] Level 1:colcon.colcon_core.package_identification:_identify(src) by extensions ['python_setup_py']
[0.712s] Level 1:colcon.colcon_core.package_identification:_identify(src) by extension 'python_setup_py'
[0.721s] Level 1:colcon.colcon_core.package_identification:_identify(src/franka_opcua_bridge) by extensions ['ignore', 'ignore_ament_install']
[0.721s] Level 1:colcon.colcon_core.package_identification:_identify(src/franka_opcua_bridge) by extension 'ignore'
[0.725s] Level 1:colcon.colcon_core.package_identification:_identify(src/franka_opcua_bridge) by extension 'ignore_ament_install'
[0.729s] Level 1:colcon.colcon_core.package_identification:_identify(src/franka_opcua_bridge) by extensions ['colcon_pkg']
[0.729s] Level 1:colcon.colcon_core.package_identification:_identify(src/franka_opcua_bridge) by extension 'colcon_pkg'
[0.732s] Level 1:colcon.colcon_core.package_identification:_identify(src/franka_opcua_bridge) by extensions ['colcon_meta']
[0.732s] Level 1:colcon.colcon_core.package_identification:_identify(src/franka_opcua_bridge) by extension 'colcon_meta'
[0.735s] Level 1:colcon.colcon_core.package_identification:_identify(src/franka_opcua_bridge) by extensions ['ros']
[0.736s] Level 1:colcon.colcon_core.package_identification:_identify(src/franka_opcua_bridge) by extension 'ros'
[0.806s] DEBUG:colcon.colcon_core.package_identification:Package 'src/franka_opcua_bridge' with type 'ros.ament_cmake' and name 'franka_opcua_bridge'
[0.820s] Level 1:colcon.colcon_core.package_identification:_identify(src/src) by extensions ['ignore', 'ignore_ament_install']
[0.820s] Level 1:colcon.colcon_core.package_identification:_identify(src/src) by extension 'ignore'
[0.825s] Level 1:colcon.colcon_core.package_identification:_identify(src/src) by extension 'ignore_ament_install'
[0.831s] Level 1:colcon.colcon_core.package_identification:_identify(src/src) by extensions ['colcon_pkg']
[0.832s] Level 1:colcon.colcon_core.package_identification:_identify(src/src) by extension 'colcon_pkg'
[0.834s] Level 1:colcon.colcon_core.package_identification:_identify(src/src) by extensions ['colcon_meta']
[0.835s] Level 1:colcon.colcon_core.package_identification:_identify(src/src) by extension 'colcon_meta'
[0.839s] Level 1:colcon.colcon_core.package_identification:_identify(src/src) by extensions ['ros']
[0.840s] Level 1:colcon.colcon_core.package_identification:_identify(src/src) by extension 'ros'
[0.853s] Level 1:colcon.colcon_core.package_identification:_identify(src/src) by extensions ['cmake', 'python']
[0.853s] Level 1:colcon.colcon_core.package_identification:_identify(src/src) by extension 'cmake'
[0.855s] Level 1:colcon.colcon_core.package_identification:_identify(src/src) by extension 'python'
[0.859s] Level 1:colcon.colcon_core.package_identification:_identify(src/src) by extensions ['python_setup_py']
[0.859s] Level 1:colcon.colcon_core.package_identification:_identify(src/src) by extension 'python_setup_py'
[0.875s] Level 1:colcon.colcon_core.package_identification:_identify(src/test) by extensions ['ignore', 'ignore_ament_install']
[0.876s] Level 1:colcon.colcon_core.package_identification:_identify(src/test) by extension 'ignore'
[0.881s] Level 1:colcon.colcon_core.package_identification:_identify(src/test) by extension 'ignore_ament_install'
[0.889s] Level 1:colcon.colcon_core.package_identification:_identify(src/test) by extensions ['colcon_pkg']
[0.889s] Level 1:colcon.colcon_core.package_identification:_identify(src/test) by extension 'colcon_pkg'
[0.893s] Level 1:colcon.colcon_core.package_identification:_identify(src/test) by extensions ['colcon_meta']
[0.893s] Level 1:colcon.colcon_core.package_identification:_identify(src/test) by extension 'colcon_meta'
[0.900s] Level 1:colcon.colcon_core.package_identification:_identify(src/test) by extensions ['ros']
[0.900s] Level 1:colcon.colcon_core.package_identification:_identify(src/test) by extension 'ros'
[0.916s] Level 1:colcon.colcon_core.package_identification:_identify(src/test) by extensions ['cmake', 'python']
[0.916s] Level 1:colcon.colcon_core.package_identification:_identify(src/test) by extension 'cmake'
[0.920s] Level 1:colcon.colcon_core.package_identification:_identify(src/test) by extension 'python'
[0.925s] Level 1:colcon.colcon_core.package_identification:_identify(src/test) by extensions ['python_setup_py']
[0.925s] Level 1:colcon.colcon_core.package_identification:_identify(src/test) by extension 'python_setup_py'
[0.929s] Level 1:colcon.colcon_core.package_discovery:discover_packages(recursive) using defaults
[0.929s] Level 1:colcon.colcon_core.package_discovery:discover_packages(ignore) discover
[0.930s] Level 1:colcon.colcon_core.package_discovery:discover_packages(ignore) using defaults
[0.930s] Level 1:colcon.colcon_core.package_discovery:discover_packages(path) discover
[0.930s] Level 1:colcon.colcon_core.package_discovery:discover_packages(path) using defaults
[0.976s] Level 5:colcon.colcon_core.verb:set package 'franka_opcua_bridge' build argument 'cmake_args' from command line to 'None'
[0.977s] Level 5:colcon.colcon_core.verb:set package 'franka_opcua_bridge' build argument 'cmake_target' from command line to 'None'
[0.977s] Level 5:colcon.colcon_core.verb:set package 'franka_opcua_bridge' build argument 'cmake_target_skip_unavailable' from command line to 'False'
[0.978s] Level 5:colcon.colcon_core.verb:set package 'franka_opcua_bridge' build argument 'cmake_clean_cache' from command line to 'False'
[0.978s] Level 5:colcon.colcon_core.verb:set package 'franka_opcua_bridge' build argument 'cmake_clean_first' from command line to 'False'
[0.979s] Level 5:colcon.colcon_core.verb:set package 'franka_opcua_bridge' build argument 'cmake_force_configure' from command line to 'False'
[0.979s] Level 5:colcon.colcon_core.verb:set package 'franka_opcua_bridge' build argument 'ament_cmake_args' from command line to 'None'
[0.980s] Level 5:colcon.colcon_core.verb:set package 'franka_opcua_bridge' build argument 'catkin_cmake_args' from command line to 'None'
[0.981s] Level 5:colcon.colcon_core.verb:set package 'franka_opcua_bridge' build argument 'catkin_skip_building_tests' from command line to 'False'
[0.981s] DEBUG:colcon.colcon_core.verb:Building package 'franka_opcua_bridge' with the following arguments: {'ament_cmake_args': None, 'build_base': '/root/ros2_ws/build/franka_opcua_bridge', 'catkin_cmake_args': None, 'catkin_skip_building_tests': False, 'cmake_args': None, 'cmake_clean_cache': False, 'cmake_clean_first': False, 'cmake_force_configure': False, 'cmake_target': None, 'cmake_target_skip_unavailable': False, 'install_base': '/root/ros2_ws/install/franka_opcua_bridge', 'merge_install': False, 'path': '/root/ros2_ws/src/franka_opcua_bridge', 'symlink_install': False, 'test_result_base': None}
[0.982s] INFO:colcon.colcon_core.executor:Executing jobs using 'parallel' executor
[0.984s] DEBUG:colcon.colcon_parallel_executor.executor.parallel:run_until_complete
[0.984s] INFO:colcon.colcon_ros.task.ament_cmake.build:Building ROS package in '/root/ros2_ws/src/franka_opcua_bridge' with build type 'ament_cmake'
[0.985s] INFO:colcon.colcon_cmake.task.cmake.build:Building CMake package in '/root/ros2_ws/src/franka_opcua_bridge'
[0.993s] INFO:colcon.colcon_core.plugin_system:Skipping extension 'colcon_core.shell.bat': Not used on non-Windows systems
[0.994s] INFO:colcon.colcon_core.shell:Skip shell extension 'powershell' for command environment: Not usable outside of PowerShell
[0.994s] DEBUG:colcon.colcon_core.shell:Skip shell extension 'dsv' for command environment
[1.210s] DEBUG:colcon.colcon_core.event_handler.log_command:Invoking command in '/root/ros2_ws/build/franka_opcua_bridge': CMAKE_PREFIX_PATH=${CMAKE_PREFIX_PATH}:/opt/ros/humble /usr/bin/cmake --build /root/ros2_ws/build/franka_opcua_bridge -- -j12 -l12
[2.323s] DEBUG:colcon.colcon_core.event_handler.log_command:Invoked command in '/root/ros2_ws/build/franka_opcua_bridge' returned '0': CMAKE_PREFIX_PATH=${CMAKE_PREFIX_PATH}:/opt/ros/humble /usr/bin/cmake --build /root/ros2_ws/build/franka_opcua_bridge -- -j12 -l12
[2.376s] DEBUG:colcon.colcon_core.event_handler.log_command:Invoking command in '/root/ros2_ws/build/franka_opcua_bridge': CMAKE_PREFIX_PATH=${CMAKE_PREFIX_PATH}:/opt/ros/humble /usr/bin/cmake --install /root/ros2_ws/build/franka_opcua_bridge
[3.440s] Level 1:colcon.colcon_core.environment:create_environment_scripts_only(franka_opcua_bridge)
[3.444s] DEBUG:colcon.colcon_core.event_handler.log_command:Invoked command in '/root/ros2_ws/build/franka_opcua_bridge' returned '0': CMAKE_PREFIX_PATH=${CMAKE_PREFIX_PATH}:/opt/ros/humble /usr/bin/cmake --install /root/ros2_ws/build/franka_opcua_bridge
[3.448s] Level 1:colcon.colcon_core.environment:checking '/root/ros2_ws/install/franka_opcua_bridge' for CMake module files
[3.630s] Level 1:colcon.colcon_core.environment:checking '/root/ros2_ws/install/franka_opcua_bridge' for CMake config files
[3.785s] Level 1:colcon.colcon_core.shell:create_environment_hook('franka_opcua_bridge', 'cmake_prefix_path')
[3.786s] INFO:colcon.colcon_core.shell:Creating environment hook '/root/ros2_ws/install/franka_opcua_bridge/share/franka_opcua_bridge/hook/cmake_prefix_path.ps1'
[3.860s] INFO:colcon.colcon_core.shell:Creating environment descriptor '/root/ros2_ws/install/franka_opcua_bridge/share/franka_opcua_bridge/hook/cmake_prefix_path.dsv'
[3.891s] INFO:colcon.colcon_core.shell:Creating environment hook '/root/ros2_ws/install/franka_opcua_bridge/share/franka_opcua_bridge/hook/cmake_prefix_path.sh'
[3.953s] Level 1:colcon.colcon_core.environment:checking '/root/ros2_ws/install/franka_opcua_bridge/lib'
[3.962s] Level 1:colcon.colcon_core.environment:checking '/root/ros2_ws/install/franka_opcua_bridge/bin'
[3.964s] Level 1:colcon.colcon_core.environment:checking '/root/ros2_ws/install/franka_opcua_bridge/lib/pkgconfig/franka_opcua_bridge.pc'
[3.969s] Level 1:colcon.colcon_core.environment:checking '/root/ros2_ws/install/franka_opcua_bridge/lib/python3.10/site-packages'
[3.972s] Level 1:colcon.colcon_core.environment:checking '/root/ros2_ws/install/franka_opcua_bridge/bin'
[3.977s] INFO:colcon.colcon_core.shell:Creating package script '/root/ros2_ws/install/franka_opcua_bridge/share/franka_opcua_bridge/package.ps1'
[4.000s] INFO:colcon.colcon_core.shell:Creating package descriptor '/root/ros2_ws/install/franka_opcua_bridge/share/franka_opcua_bridge/package.dsv'
[4.043s] INFO:colcon.colcon_core.shell:Creating package script '/root/ros2_ws/install/franka_opcua_bridge/share/franka_opcua_bridge/package.sh'
[4.071s] INFO:colcon.colcon_core.shell:Creating package script '/root/ros2_ws/install/franka_opcua_bridge/share/franka_opcua_bridge/package.bash'
[4.100s] INFO:colcon.colcon_core.shell:Creating package script '/root/ros2_ws/install/franka_opcua_bridge/share/franka_opcua_bridge/package.zsh'
[4.135s] Level 1:colcon.colcon_core.environment:create_file_with_runtime_dependencies(/root/ros2_ws/install/franka_opcua_bridge/share/colcon-core/packages/franka_opcua_bridge)
[4.201s] Level 1:colcon.colcon_core.environment:create_environment_scripts_only(franka_opcua_bridge)
[4.202s] Level 1:colcon.colcon_core.environment:checking '/root/ros2_ws/install/franka_opcua_bridge' for CMake module files
[4.384s] Level 1:colcon.colcon_core.environment:checking '/root/ros2_ws/install/franka_opcua_bridge' for CMake config files
[4.523s] Level 1:colcon.colcon_core.shell:create_environment_hook('franka_opcua_bridge', 'cmake_prefix_path')
[4.524s] INFO:colcon.colcon_core.shell:Creating environment hook '/root/ros2_ws/install/franka_opcua_bridge/share/franka_opcua_bridge/hook/cmake_prefix_path.ps1'
[4.554s] INFO:colcon.colcon_core.shell:Creating environment descriptor '/root/ros2_ws/install/franka_opcua_bridge/share/franka_opcua_bridge/hook/cmake_prefix_path.dsv'
[4.588s] INFO:colcon.colcon_core.shell:Creating environment hook '/root/ros2_ws/install/franka_opcua_bridge/share/franka_opcua_bridge/hook/cmake_prefix_path.sh'
[4.614s] Level 1:colcon.colcon_core.environment:checking '/root/ros2_ws/install/franka_opcua_bridge/lib'
[4.619s] Level 1:colcon.colcon_core.environment:checking '/root/ros2_ws/install/franka_opcua_bridge/bin'
[4.621s] Level 1:colcon.colcon_core.environment:checking '/root/ros2_ws/install/franka_opcua_bridge/lib/pkgconfig/franka_opcua_bridge.pc'
[4.623s] Level 1:colcon.colcon_core.environment:checking '/root/ros2_ws/install/franka_opcua_bridge/lib/python3.10/site-packages'
[4.625s] Level 1:colcon.colcon_core.environment:checking '/root/ros2_ws/install/franka_opcua_bridge/bin'
[4.628s] INFO:colcon.colcon_core.shell:Creating package script '/root/ros2_ws/install/franka_opcua_bridge/share/franka_opcua_bridge/package.ps1'
[4.643s] INFO:colcon.colcon_core.shell:Creating package descriptor '/root/ros2_ws/install/franka_opcua_bridge/share/franka_opcua_bridge/package.dsv'
[4.658s] INFO:colcon.colcon_core.shell:Creating package script '/root/ros2_ws/install/franka_opcua_bridge/share/franka_opcua_bridge/package.sh'
[4.675s] INFO:colcon.colcon_core.shell:Creating package script '/root/ros2_ws/install/franka_opcua_bridge/share/franka_opcua_bridge/package.bash'
[4.689s] INFO:colcon.colcon_core.shell:Creating package script '/root/ros2_ws/install/franka_opcua_bridge/share/franka_opcua_bridge/package.zsh'
[4.714s] Level 1:colcon.colcon_core.environment:create_file_with_runtime_dependencies(/root/ros2_ws/install/franka_opcua_bridge/share/colcon-core/packages/franka_opcua_bridge)
[4.736s] DEBUG:colcon.colcon_parallel_executor.executor.parallel:closing loop
[4.737s] DEBUG:colcon.colcon_parallel_executor.executor.parallel:loop closed
[4.737s] DEBUG:colcon.colcon_parallel_executor.executor.parallel:run_until_complete finished with '0'
[4.738s] DEBUG:colcon.colcon_core.event_reactor:joining thread
[4.780s] INFO:colcon.colcon_core.plugin_system:Skipping extension 'colcon_notification.desktop_notification.notify_send': Could not find 'notify-send'
[4.781s] INFO:colcon.colcon_core.plugin_system:Skipping extension 'colcon_notification.desktop_notification.terminal_notifier': Not used on non-Darwin systems
[4.781s] INFO:colcon.colcon_core.plugin_system:Skipping extension 'colcon_notification.desktop_notification.win32': Not used on non-Windows systems
[4.782s] INFO:colcon.colcon_notification.desktop_notification:Sending desktop notification using 'notify2'
[4.782s] DEBUG:colcon.colcon_notification.desktop_notification.notify2:Failed to initialize notify2: org.freedesktop.DBus.Error.NotSupported: Unable to autolaunch a dbus-daemon without a $DISPLAY for X11
[4.783s] DEBUG:colcon.colcon_core.event_reactor:joined thread
[4.783s] INFO:colcon.colcon_core.shell:Creating prefix script '/root/ros2_ws/install/local_setup.ps1'
[4.796s] INFO:colcon.colcon_core.shell:Creating prefix util module '/root/ros2_ws/install/_local_setup_util_ps1.py'
[4.812s] INFO:colcon.colcon_core.shell:Creating prefix chain script '/root/ros2_ws/install/setup.ps1'
[4.869s] INFO:colcon.colcon_core.shell:Creating prefix script '/root/ros2_ws/install/local_setup.sh'
[4.886s] INFO:colcon.colcon_core.shell:Creating prefix util module '/root/ros2_ws/install/_local_setup_util_sh.py'
[4.902s] INFO:colcon.colcon_core.shell:Creating prefix chain script '/root/ros2_ws/install/setup.sh'
[4.938s] INFO:colcon.colcon_core.shell:Creating prefix script '/root/ros2_ws/install/local_setup.bash'
[4.955s] INFO:colcon.colcon_core.shell:Creating prefix chain script '/root/ros2_ws/install/setup.bash'
[4.981s] INFO:colcon.colcon_core.shell:Creating prefix script '/root/ros2_ws/install/local_setup.zsh'
[4.992s] INFO:colcon.colcon_core.shell:Creating prefix chain script '/root/ros2_ws/install/setup.zsh'
