[0.138s] Invoking command in '/root/ros2_ws/build/franka_opcua_bridge': /usr/bin/cmake /root/ros2_ws/src/franka_opcua_bridge -DCMAKE_INSTALL_PREFIX=/root/ros2_ws/install/franka_opcua_bridge
[0.298s] -- Found ament_cmake: 1.3.14 (/opt/ros/humble/share/ament_cmake/cmake)
[0.430s] -- Found Python3: /usr/bin/python3 (found version "3.10.12") found components: Interpreter 
[0.744s] -- Found rclcpp: 16.0.19 (/opt/ros/humble/share/rclcpp/cmake)
[0.793s] -- Found rosidl_generator_c: 3.1.9 (/opt/ros/humble/share/rosidl_generator_c/cmake)
[0.798s] -- Found rosidl_adapter: 3.1.9 (/opt/ros/humble/share/rosidl_adapter/cmake)
[0.813s] -- Found rosidl_generator_cpp: 3.1.9 (/opt/ros/humble/share/rosidl_generator_cpp/cmake)
[0.837s] -- Using all available rosidl_typesupport_c: rosidl_typesupport_fastrtps_c;rosidl_typesupport_introspection_c
[0.855s] -- Using all available rosidl_typesupport_cpp: rosidl_typesupport_fastrtps_cpp;rosidl_typesupport_introspection_cpp
[0.912s] -- Found rmw_implementation_cmake: 6.1.3 (/opt/ros/humble/share/rmw_implementation_cmake/cmake)
[0.919s] -- Found rmw_fastrtps_cpp: 6.2.10 (/opt/ros/humble/share/rmw_fastrtps_cpp/cmake)
[1.011s] -- Found OpenSSL: /usr/lib/x86_64-linux-gnu/libcrypto.so (found version "3.0.2")  
[1.069s] -- Found FastRTPS: /opt/ros/humble/include  
[1.119s] -- Using RMW implementation 'rmw_fastrtps_cpp' as default
[1.180s] -- Looking for pthread.h
[2.285s] -- Looking for pthread.h - found
[2.307s] -- Performing Test CMAKE_HAVE_LIBC_PTHREAD
[3.509s] -- Performing Test CMAKE_HAVE_LIBC_PTHREAD - Success
[3.518s] -- Found Threads: TRUE  
[3.580s] -- Found geometry_msgs: 4.9.2 (/opt/ros/humble/share/geometry_msgs/cmake)
[3.597s] -- Found sensor_msgs: 4.9.2 (/opt/ros/humble/share/sensor_msgs/cmake)
[3.615s] -- Found ament_lint_auto: 0.12.15 (/opt/ros/humble/share/ament_lint_auto/cmake)
[3.626s] [0mCMake Error: File /root/ros2_ws/src/franka_opcua_bridge/package.xml does not exist.[0m
[3.627s] [31mCMake Error at /opt/ros/humble/share/ament_cmake_core/cmake/core/stamp.cmake:24 (configure_file):
[3.629s]   configure_file Problem configuring file
[3.630s] Call Stack (most recent call first):
[3.631s]   /opt/ros/humble/share/ament_cmake_core/cmake/core/ament_package_xml.cmake:73 (stamp)
[3.633s]   /opt/ros/humble/share/ament_cmake_core/cmake/core/ament_package_xml.cmake:49 (_ament_package_xml)
[3.634s]   /opt/ros/humble/share/ament_lint_auto/cmake/ament_lint_auto_find_test_dependencies.cmake:31 (ament_package_xml)
[3.635s]   CMakeLists.txt:27 (ament_lint_auto_find_test_dependencies)
[3.637s] 
[3.638s] [0m
[3.639s] -- Found ament_cmake_gtest: 1.3.14 (/opt/ros/humble/share/ament_cmake_gtest/cmake)
[3.640s] -- Found gtest sources under '/opt/ros/humble/src/gtest_vendor': C++ tests using 'Google Test' will be built
[3.656s] [0mCMake Error: File /root/ros2_ws/src/franka_opcua_bridge/package.xml does not exist.[0m
[3.658s] [31mCMake Error at /opt/ros/humble/share/ament_cmake_core/cmake/core/stamp.cmake:24 (configure_file):
[3.660s]   configure_file Problem configuring file
[3.662s] Call Stack (most recent call first):
[3.663s]   /opt/ros/humble/share/ament_cmake_core/cmake/core/ament_package_xml.cmake:73 (stamp)
[3.664s]   /opt/ros/humble/share/ament_cmake_core/cmake/core/ament_package_xml.cmake:49 (_ament_package_xml)
[3.665s]   /opt/ros/humble/share/ament_cmake_core/cmake/core/ament_package.cmake:63 (ament_package_xml)
[3.666s]   CMakeLists.txt:37 (ament_package)
[3.667s] 
[3.668s] [0m
[4.103s] -- Configuring incomplete, errors occurred!
[4.104s] See also "/root/ros2_ws/build/franka_opcua_bridge/CMakeFiles/CMakeOutput.log".
[4.129s] Invoked command in '/root/ros2_ws/build/franka_opcua_bridge' returned '1': /usr/bin/cmake /root/ros2_ws/src/franka_opcua_bridge -DCMAKE_INSTALL_PREFIX=/root/ros2_ws/install/franka_opcua_bridge
