[0.192s] Invoking command in '/root/ros2_ws/build/franka_opcua_bridge': CMAKE_PREFIX_PATH=${CMAKE_PREFIX_PATH}:/opt/ros/humble /usr/bin/cmake --build /root/ros2_ws/build/franka_opcua_bridge -- -j12 -l12
[0.486s] [35m[1mConsolidate compiler generated dependencies of target gtest[0m
[0.489s] [35m[1mConsolidate compiler generated dependencies of target gtest_main[0m
[0.504s] [35m[1mConsolidate compiler generated dependencies of target franka_bridge_node[0m
[0.814s] gmake[2]: Warning: File 'gtest/CMakeFiles/gtest_main.dir/compiler_depend.make' has modification time 2.4 s in the future
[0.831s] gmake[2]: warning:  Clock skew detected.  Your build may be incomplete.
[0.859s] [ 22%] Built target gtest_main
[0.889s] gmake[2]: Warning: File 'gtest/CMakeFiles/gtest.dir/compiler_depend.make' has modification time 2.4 s in the future
[0.919s] gmake[2]: warning:  Clock skew detected.  Your build may be incomplete.
[0.950s] [ 44%] Built target gtest
[1.019s] [35m[1mConsolidate compiler generated dependencies of target test_fake_robot[0m
[1.134s] gmake[2]: Warning: File 'CMakeFiles/franka_bridge_node.dir/compiler_depend.make' has modification time 2.3 s in the future
[1.164s] [ 55%] [32mBuilding CXX object CMakeFiles/franka_bridge_node.dir/src/franka_bridge_node.cpp.o[0m
[1.454s] gmake[2]: Warning: File 'CMakeFiles/test_fake_robot.dir/compiler_depend.make' has modification time 2.3 s in the future
[1.506s] [ 66%] [32mBuilding CXX object CMakeFiles/test_fake_robot.dir/test/test_fake_robot.cpp.o[0m
[1.516s] [ 77%] [32mBuilding CXX object CMakeFiles/test_fake_robot.dir/src/fake_robot.cpp.o[0m
[3.076s] [ 88%] [32m[1mLinking CXX executable test_fake_robot[0m
[5.176s] gmake[2]: warning:  Clock skew detected.  Your build may be incomplete.
[5.207s] [ 88%] Built target test_fake_robot
[5.376s] [100%] [32m[1mLinking CXX executable franka_bridge_node[0m
[5.864s] gmake[2]: warning:  Clock skew detected.  Your build may be incomplete.
[5.893s] [100%] Built target franka_bridge_node
[5.984s] Invoked command in '/root/ros2_ws/build/franka_opcua_bridge' returned '0': CMAKE_PREFIX_PATH=${CMAKE_PREFIX_PATH}:/opt/ros/humble /usr/bin/cmake --build /root/ros2_ws/build/franka_opcua_bridge -- -j12 -l12
[6.034s] Invoking command in '/root/ros2_ws/build/franka_opcua_bridge': CMAKE_PREFIX_PATH=${CMAKE_PREFIX_PATH}:/opt/ros/humble /usr/bin/cmake --install /root/ros2_ws/build/franka_opcua_bridge
[6.046s] -- Install configuration: ""
[6.131s] -- Installing: /root/ros2_ws/install/franka_opcua_bridge/lib/franka_opcua_bridge/franka_bridge_node
[6.313s] -- Set runtime path of "/root/ros2_ws/install/franka_opcua_bridge/lib/franka_opcua_bridge/franka_bridge_node" to ""
[6.341s] -- Up-to-date: /root/ros2_ws/install/franka_opcua_bridge/share/ament_index/resource_index/package_run_dependencies/franka_opcua_bridge
[6.378s] -- Up-to-date: /root/ros2_ws/install/franka_opcua_bridge/share/ament_index/resource_index/parent_prefix_path/franka_opcua_bridge
[6.397s] -- Up-to-date: /root/ros2_ws/install/franka_opcua_bridge/share/franka_opcua_bridge/environment/ament_prefix_path.sh
[6.431s] -- Up-to-date: /root/ros2_ws/install/franka_opcua_bridge/share/franka_opcua_bridge/environment/ament_prefix_path.dsv
[6.462s] -- Up-to-date: /root/ros2_ws/install/franka_opcua_bridge/share/franka_opcua_bridge/environment/path.sh
[6.494s] -- Up-to-date: /root/ros2_ws/install/franka_opcua_bridge/share/franka_opcua_bridge/environment/path.dsv
[6.518s] -- Up-to-date: /root/ros2_ws/install/franka_opcua_bridge/share/franka_opcua_bridge/local_setup.bash
[6.534s] -- Up-to-date: /root/ros2_ws/install/franka_opcua_bridge/share/franka_opcua_bridge/local_setup.sh
[6.550s] -- Up-to-date: /root/ros2_ws/install/franka_opcua_bridge/share/franka_opcua_bridge/local_setup.zsh
[6.572s] -- Up-to-date: /root/ros2_ws/install/franka_opcua_bridge/share/franka_opcua_bridge/local_setup.dsv
[6.586s] -- Installing: /root/ros2_ws/install/franka_opcua_bridge/share/franka_opcua_bridge/package.dsv
[6.678s] -- Up-to-date: /root/ros2_ws/install/franka_opcua_bridge/share/ament_index/resource_index/packages/franka_opcua_bridge
[6.748s] -- Up-to-date: /root/ros2_ws/install/franka_opcua_bridge/share/franka_opcua_bridge/cmake/franka_opcua_bridgeConfig.cmake
[6.784s] -- Up-to-date: /root/ros2_ws/install/franka_opcua_bridge/share/franka_opcua_bridge/cmake/franka_opcua_bridgeConfig-version.cmake
[6.833s] -- Up-to-date: /root/ros2_ws/install/franka_opcua_bridge/share/franka_opcua_bridge/package.xml
[6.874s] Invoked command in '/root/ros2_ws/build/franka_opcua_bridge' returned '0': CMAKE_PREFIX_PATH=${CMAKE_PREFIX_PATH}:/opt/ros/humble /usr/bin/cmake --install /root/ros2_ws/build/franka_opcua_bridge
