[0.154s] DEBUG:colcon:Command line arguments: ['/usr/bin/colcon', 'build', '--packages-select', 'franka_opcua_bridge']
[0.154s] DEBUG:colcon:Parsed command line arguments: Namespace(log_base=None, log_level=None, verb_name='build', build_base='build', install_base='install', merge_install=False, symlink_install=False, test_result_base=None, continue_on_error=False, executor='parallel', parallel_workers=12, event_handlers=None, ignore_user_meta=False, metas=['./colcon.meta'], base_paths=['.'], packages_ignore=None, packages_ignore_regex=None, paths=None, packages_up_to=None, packages_up_to_regex=None, packages_above=None, packages_above_and_dependencies=None, packages_above_depth=None, packages_select_by_dep=None, packages_skip_by_dep=None, packages_skip_up_to=None, packages_select_build_failed=False, packages_skip_build_finished=False, packages_select_test_failures=False, packages_skip_test_passed=False, packages_select=['franka_opcua_bridge'], packages_skip=None, packages_select_regex=None, packages_skip_regex=None, packages_start=None, packages_end=None, cmake_args=None, cmake_target=None, cmake_target_skip_unavailable=False, cmake_clean_cache=False, cmake_clean_first=False, cmake_force_configure=False, ament_cmake_args=None, catkin_cmake_args=None, catkin_skip_building_tests=False, mixin_files=None, mixin=None, verb_parser=<colcon_mixin.mixin.mixin_argument.MixinArgumentDecorator object at 0x7f00bbbeb7f0>, verb_extension=<colcon_core.verb.build.BuildVerb object at 0x7f00bbbeb340>, main=<bound method BuildVerb.main of <colcon_core.verb.build.BuildVerb object at 0x7f00bbbeb340>>, mixin_verb=('build',))
[0.290s] Level 1:colcon.colcon_core.package_discovery:discover_packages(colcon_meta) check parameters
[0.292s] INFO:colcon.colcon_metadata.package_discovery.colcon_meta:Using configuration from '/root/.colcon/metadata/default/Gazebo.meta'
[0.293s] INFO:colcon.colcon_metadata.package_discovery.colcon_meta:Using configuration from '/root/.colcon/metadata/default/fastdds.meta'
[0.294s] INFO:colcon.colcon_metadata.package_discovery.colcon_meta:Using configuration from '/root/.colcon/metadata/default/fastrtps.meta'
[0.297s] Level 1:colcon.colcon_core.package_discovery:discover_packages(recursive) check parameters
[0.298s] Level 1:colcon.colcon_core.package_discovery:discover_packages(ignore) check parameters
[0.299s] Level 1:colcon.colcon_core.package_discovery:discover_packages(path) check parameters
[0.299s] Level 1:colcon.colcon_core.package_discovery:discover_packages(colcon_meta) discover
[0.300s] Level 1:colcon.colcon_core.package_discovery:discover_packages(recursive) discover
[0.300s] INFO:colcon.colcon_core.package_discovery:Crawling recursively for packages in '/root/ros2_ws'
[0.305s] Level 1:colcon.colcon_core.package_identification:_identify(.) by extensions ['ignore', 'ignore_ament_install']
[0.306s] Level 1:colcon.colcon_core.package_identification:_identify(.) by extension 'ignore'
[0.307s] Level 1:colcon.colcon_core.package_identification:_identify(.) by extension 'ignore_ament_install'
[0.308s] Level 1:colcon.colcon_core.package_identification:_identify(.) by extensions ['colcon_pkg']
[0.309s] Level 1:colcon.colcon_core.package_identification:_identify(.) by extension 'colcon_pkg'
[0.310s] Level 1:colcon.colcon_core.package_identification:_identify(.) by extensions ['colcon_meta']
[0.310s] Level 1:colcon.colcon_core.package_identification:_identify(.) by extension 'colcon_meta'
[0.311s] Level 1:colcon.colcon_core.package_identification:_identify(.) by extensions ['ros']
[0.311s] Level 1:colcon.colcon_core.package_identification:_identify(.) by extension 'ros'
[0.323s] Level 1:colcon.colcon_core.package_identification:_identify(.) by extensions ['cmake', 'python']
[0.324s] Level 1:colcon.colcon_core.package_identification:_identify(.) by extension 'cmake'
[0.325s] Level 1:colcon.colcon_core.package_identification:_identify(.) by extension 'python'
[0.326s] Level 1:colcon.colcon_core.package_identification:_identify(.) by extensions ['python_setup_py']
[0.326s] Level 1:colcon.colcon_core.package_identification:_identify(.) by extension 'python_setup_py'
[0.334s] Level 1:colcon.colcon_core.package_identification:_identify(build) by extensions ['ignore', 'ignore_ament_install']
[0.335s] Level 1:colcon.colcon_core.package_identification:_identify(build) by extension 'ignore'
[0.338s] Level 1:colcon.colcon_core.package_identification:_identify(build) ignored
[0.351s] Level 1:colcon.colcon_core.package_identification:_identify(install) by extensions ['ignore', 'ignore_ament_install']
[0.352s] Level 1:colcon.colcon_core.package_identification:_identify(install) by extension 'ignore'
[0.355s] Level 1:colcon.colcon_core.package_identification:_identify(install) ignored
[0.367s] Level 1:colcon.colcon_core.package_identification:_identify(log) by extensions ['ignore', 'ignore_ament_install']
[0.368s] Level 1:colcon.colcon_core.package_identification:_identify(log) by extension 'ignore'
[0.373s] Level 1:colcon.colcon_core.package_identification:_identify(log) ignored
[0.380s] Level 1:colcon.colcon_core.package_identification:_identify(src) by extensions ['ignore', 'ignore_ament_install']
[0.380s] Level 1:colcon.colcon_core.package_identification:_identify(src) by extension 'ignore'
[0.383s] Level 1:colcon.colcon_core.package_identification:_identify(src) by extension 'ignore_ament_install'
[0.387s] Level 1:colcon.colcon_core.package_identification:_identify(src) by extensions ['colcon_pkg']
[0.388s] Level 1:colcon.colcon_core.package_identification:_identify(src) by extension 'colcon_pkg'
[0.390s] Level 1:colcon.colcon_core.package_identification:_identify(src) by extensions ['colcon_meta']
[0.391s] Level 1:colcon.colcon_core.package_identification:_identify(src) by extension 'colcon_meta'
[0.393s] Level 1:colcon.colcon_core.package_identification:_identify(src) by extensions ['ros']
[0.394s] Level 1:colcon.colcon_core.package_identification:_identify(src) by extension 'ros'
[0.404s] Level 1:colcon.colcon_core.package_identification:_identify(src) by extensions ['cmake', 'python']
[0.405s] Level 1:colcon.colcon_core.package_identification:_identify(src) by extension 'cmake'
[0.408s] Level 1:colcon.colcon_core.package_identification:_identify(src) by extension 'python'
[0.410s] Level 1:colcon.colcon_core.package_identification:_identify(src) by extensions ['python_setup_py']
[0.411s] Level 1:colcon.colcon_core.package_identification:_identify(src) by extension 'python_setup_py'
[0.421s] Level 1:colcon.colcon_core.package_identification:_identify(src/franka_opcua_bridge) by extensions ['ignore', 'ignore_ament_install']
[0.421s] Level 1:colcon.colcon_core.package_identification:_identify(src/franka_opcua_bridge) by extension 'ignore'
[0.423s] Level 1:colcon.colcon_core.package_identification:_identify(src/franka_opcua_bridge) by extension 'ignore_ament_install'
[0.427s] Level 1:colcon.colcon_core.package_identification:_identify(src/franka_opcua_bridge) by extensions ['colcon_pkg']
[0.428s] Level 1:colcon.colcon_core.package_identification:_identify(src/franka_opcua_bridge) by extension 'colcon_pkg'
[0.429s] Level 1:colcon.colcon_core.package_identification:_identify(src/franka_opcua_bridge) by extensions ['colcon_meta']
[0.429s] Level 1:colcon.colcon_core.package_identification:_identify(src/franka_opcua_bridge) by extension 'colcon_meta'
[0.431s] Level 1:colcon.colcon_core.package_identification:_identify(src/franka_opcua_bridge) by extensions ['ros']
[0.431s] Level 1:colcon.colcon_core.package_identification:_identify(src/franka_opcua_bridge) by extension 'ros'
[0.441s] DEBUG:colcon.colcon_core.package_identification:Package 'src/franka_opcua_bridge' with type 'ros.ament_cmake' and name 'franka_opcua_bridge'
[0.443s] Level 1:colcon.colcon_core.package_identification:_identify(src/src) by extensions ['ignore', 'ignore_ament_install']
[0.444s] Level 1:colcon.colcon_core.package_identification:_identify(src/src) by extension 'ignore'
[0.445s] Level 1:colcon.colcon_core.package_identification:_identify(src/src) by extension 'ignore_ament_install'
[0.446s] Level 1:colcon.colcon_core.package_identification:_identify(src/src) by extensions ['colcon_pkg']
[0.446s] Level 1:colcon.colcon_core.package_identification:_identify(src/src) by extension 'colcon_pkg'
[0.447s] Level 1:colcon.colcon_core.package_identification:_identify(src/src) by extensions ['colcon_meta']
[0.447s] Level 1:colcon.colcon_core.package_identification:_identify(src/src) by extension 'colcon_meta'
[0.448s] Level 1:colcon.colcon_core.package_identification:_identify(src/src) by extensions ['ros']
[0.448s] Level 1:colcon.colcon_core.package_identification:_identify(src/src) by extension 'ros'
[0.451s] Level 1:colcon.colcon_core.package_identification:_identify(src/src) by extensions ['cmake', 'python']
[0.451s] Level 1:colcon.colcon_core.package_identification:_identify(src/src) by extension 'cmake'
[0.452s] Level 1:colcon.colcon_core.package_identification:_identify(src/src) by extension 'python'
[0.453s] Level 1:colcon.colcon_core.package_identification:_identify(src/src) by extensions ['python_setup_py']
[0.453s] Level 1:colcon.colcon_core.package_identification:_identify(src/src) by extension 'python_setup_py'
[0.455s] Level 1:colcon.colcon_core.package_identification:_identify(src/test) by extensions ['ignore', 'ignore_ament_install']
[0.455s] Level 1:colcon.colcon_core.package_identification:_identify(src/test) by extension 'ignore'
[0.456s] Level 1:colcon.colcon_core.package_identification:_identify(src/test) by extension 'ignore_ament_install'
[0.457s] Level 1:colcon.colcon_core.package_identification:_identify(src/test) by extensions ['colcon_pkg']
[0.458s] Level 1:colcon.colcon_core.package_identification:_identify(src/test) by extension 'colcon_pkg'
[0.458s] Level 1:colcon.colcon_core.package_identification:_identify(src/test) by extensions ['colcon_meta']
[0.458s] Level 1:colcon.colcon_core.package_identification:_identify(src/test) by extension 'colcon_meta'
[0.459s] Level 1:colcon.colcon_core.package_identification:_identify(src/test) by extensions ['ros']
[0.460s] Level 1:colcon.colcon_core.package_identification:_identify(src/test) by extension 'ros'
[0.463s] Level 1:colcon.colcon_core.package_identification:_identify(src/test) by extensions ['cmake', 'python']
[0.463s] Level 1:colcon.colcon_core.package_identification:_identify(src/test) by extension 'cmake'
[0.464s] Level 1:colcon.colcon_core.package_identification:_identify(src/test) by extension 'python'
[0.464s] Level 1:colcon.colcon_core.package_identification:_identify(src/test) by extensions ['python_setup_py']
[0.464s] Level 1:colcon.colcon_core.package_identification:_identify(src/test) by extension 'python_setup_py'
[0.465s] Level 1:colcon.colcon_core.package_discovery:discover_packages(recursive) using defaults
[0.465s] Level 1:colcon.colcon_core.package_discovery:discover_packages(ignore) discover
[0.466s] Level 1:colcon.colcon_core.package_discovery:discover_packages(ignore) using defaults
[0.466s] Level 1:colcon.colcon_core.package_discovery:discover_packages(path) discover
[0.466s] Level 1:colcon.colcon_core.package_discovery:discover_packages(path) using defaults
[0.484s] Level 5:colcon.colcon_core.verb:set package 'franka_opcua_bridge' build argument 'cmake_args' from command line to 'None'
[0.484s] Level 5:colcon.colcon_core.verb:set package 'franka_opcua_bridge' build argument 'cmake_target' from command line to 'None'
[0.484s] Level 5:colcon.colcon_core.verb:set package 'franka_opcua_bridge' build argument 'cmake_target_skip_unavailable' from command line to 'False'
[0.484s] Level 5:colcon.colcon_core.verb:set package 'franka_opcua_bridge' build argument 'cmake_clean_cache' from command line to 'False'
[0.485s] Level 5:colcon.colcon_core.verb:set package 'franka_opcua_bridge' build argument 'cmake_clean_first' from command line to 'False'
[0.485s] Level 5:colcon.colcon_core.verb:set package 'franka_opcua_bridge' build argument 'cmake_force_configure' from command line to 'False'
[0.485s] Level 5:colcon.colcon_core.verb:set package 'franka_opcua_bridge' build argument 'ament_cmake_args' from command line to 'None'
[0.485s] Level 5:colcon.colcon_core.verb:set package 'franka_opcua_bridge' build argument 'catkin_cmake_args' from command line to 'None'
[0.485s] Level 5:colcon.colcon_core.verb:set package 'franka_opcua_bridge' build argument 'catkin_skip_building_tests' from command line to 'False'
[0.485s] DEBUG:colcon.colcon_core.verb:Building package 'franka_opcua_bridge' with the following arguments: {'ament_cmake_args': None, 'build_base': '/root/ros2_ws/build/franka_opcua_bridge', 'catkin_cmake_args': None, 'catkin_skip_building_tests': False, 'cmake_args': None, 'cmake_clean_cache': False, 'cmake_clean_first': False, 'cmake_force_configure': False, 'cmake_target': None, 'cmake_target_skip_unavailable': False, 'install_base': '/root/ros2_ws/install/franka_opcua_bridge', 'merge_install': False, 'path': '/root/ros2_ws/src/franka_opcua_bridge', 'symlink_install': False, 'test_result_base': None}
[0.485s] INFO:colcon.colcon_core.executor:Executing jobs using 'parallel' executor
[0.486s] DEBUG:colcon.colcon_parallel_executor.executor.parallel:run_until_complete
[0.486s] INFO:colcon.colcon_ros.task.ament_cmake.build:Building ROS package in '/root/ros2_ws/src/franka_opcua_bridge' with build type 'ament_cmake'
[0.487s] INFO:colcon.colcon_cmake.task.cmake.build:Building CMake package in '/root/ros2_ws/src/franka_opcua_bridge'
[0.488s] INFO:colcon.colcon_core.plugin_system:Skipping extension 'colcon_core.shell.bat': Not used on non-Windows systems
[0.488s] INFO:colcon.colcon_core.shell:Skip shell extension 'powershell' for command environment: Not usable outside of PowerShell
[0.488s] DEBUG:colcon.colcon_core.shell:Skip shell extension 'dsv' for command environment
[0.635s] DEBUG:colcon.colcon_core.event_handler.log_command:Invoking command in '/root/ros2_ws/build/franka_opcua_bridge': CMAKE_PREFIX_PATH=/opt/ros/humble /usr/bin/cmake /root/ros2_ws/src/franka_opcua_bridge -DCMAKE_INSTALL_PREFIX=/root/ros2_ws/install/franka_opcua_bridge
[7.012s] DEBUG:colcon.colcon_core.event_handler.log_command:Invoked command in '/root/ros2_ws/build/franka_opcua_bridge' returned '0': CMAKE_PREFIX_PATH=/opt/ros/humble /usr/bin/cmake /root/ros2_ws/src/franka_opcua_bridge -DCMAKE_INSTALL_PREFIX=/root/ros2_ws/install/franka_opcua_bridge
[7.032s] DEBUG:colcon.colcon_core.event_handler.log_command:Invoking command in '/root/ros2_ws/build/franka_opcua_bridge': CMAKE_PREFIX_PATH=/opt/ros/humble /usr/bin/cmake --build /root/ros2_ws/build/franka_opcua_bridge -- -j12 -l12
[16.383s] DEBUG:colcon.colcon_core.event_handler.log_command:Invoked command in '/root/ros2_ws/build/franka_opcua_bridge' returned '0': CMAKE_PREFIX_PATH=/opt/ros/humble /usr/bin/cmake --build /root/ros2_ws/build/franka_opcua_bridge -- -j12 -l12
[16.453s] DEBUG:colcon.colcon_core.event_handler.log_command:Invoking command in '/root/ros2_ws/build/franka_opcua_bridge': CMAKE_PREFIX_PATH=/opt/ros/humble /usr/bin/cmake --install /root/ros2_ws/build/franka_opcua_bridge
[19.257s] Level 1:colcon.colcon_core.environment:create_environment_scripts_only(franka_opcua_bridge)
[19.258s] DEBUG:colcon.colcon_core.event_handler.log_command:Invoked command in '/root/ros2_ws/build/franka_opcua_bridge' returned '0': CMAKE_PREFIX_PATH=/opt/ros/humble /usr/bin/cmake --install /root/ros2_ws/build/franka_opcua_bridge
[19.259s] Level 1:colcon.colcon_core.environment:checking '/root/ros2_ws/install/franka_opcua_bridge' for CMake module files
[19.444s] Level 1:colcon.colcon_core.environment:checking '/root/ros2_ws/install/franka_opcua_bridge' for CMake config files
[19.636s] Level 1:colcon.colcon_core.shell:create_environment_hook('franka_opcua_bridge', 'cmake_prefix_path')
[19.637s] INFO:colcon.colcon_core.shell:Creating environment hook '/root/ros2_ws/install/franka_opcua_bridge/share/franka_opcua_bridge/hook/cmake_prefix_path.ps1'
[19.668s] INFO:colcon.colcon_core.shell:Creating environment descriptor '/root/ros2_ws/install/franka_opcua_bridge/share/franka_opcua_bridge/hook/cmake_prefix_path.dsv'
[19.698s] INFO:colcon.colcon_core.shell:Creating environment hook '/root/ros2_ws/install/franka_opcua_bridge/share/franka_opcua_bridge/hook/cmake_prefix_path.sh'
[19.760s] Level 1:colcon.colcon_core.environment:checking '/root/ros2_ws/install/franka_opcua_bridge/lib'
[19.772s] Level 1:colcon.colcon_core.environment:checking '/root/ros2_ws/install/franka_opcua_bridge/bin'
[19.774s] Level 1:colcon.colcon_core.environment:checking '/root/ros2_ws/install/franka_opcua_bridge/lib/pkgconfig/franka_opcua_bridge.pc'
[19.779s] Level 1:colcon.colcon_core.environment:checking '/root/ros2_ws/install/franka_opcua_bridge/lib/python3.10/site-packages'
[19.785s] Level 1:colcon.colcon_core.environment:checking '/root/ros2_ws/install/franka_opcua_bridge/bin'
[19.790s] INFO:colcon.colcon_core.shell:Creating package script '/root/ros2_ws/install/franka_opcua_bridge/share/franka_opcua_bridge/package.ps1'
[19.839s] INFO:colcon.colcon_core.shell:Creating package descriptor '/root/ros2_ws/install/franka_opcua_bridge/share/franka_opcua_bridge/package.dsv'
[19.879s] INFO:colcon.colcon_core.shell:Creating package script '/root/ros2_ws/install/franka_opcua_bridge/share/franka_opcua_bridge/package.sh'
[19.921s] INFO:colcon.colcon_core.shell:Creating package script '/root/ros2_ws/install/franka_opcua_bridge/share/franka_opcua_bridge/package.bash'
[19.962s] INFO:colcon.colcon_core.shell:Creating package script '/root/ros2_ws/install/franka_opcua_bridge/share/franka_opcua_bridge/package.zsh'
[20.007s] Level 1:colcon.colcon_core.environment:create_file_with_runtime_dependencies(/root/ros2_ws/install/franka_opcua_bridge/share/colcon-core/packages/franka_opcua_bridge)
[20.100s] Level 1:colcon.colcon_core.environment:create_environment_scripts_only(franka_opcua_bridge)
[20.101s] Level 1:colcon.colcon_core.environment:checking '/root/ros2_ws/install/franka_opcua_bridge' for CMake module files
[20.372s] Level 1:colcon.colcon_core.environment:checking '/root/ros2_ws/install/franka_opcua_bridge' for CMake config files
[20.529s] Level 1:colcon.colcon_core.shell:create_environment_hook('franka_opcua_bridge', 'cmake_prefix_path')
[20.530s] INFO:colcon.colcon_core.shell:Creating environment hook '/root/ros2_ws/install/franka_opcua_bridge/share/franka_opcua_bridge/hook/cmake_prefix_path.ps1'
[20.562s] INFO:colcon.colcon_core.shell:Creating environment descriptor '/root/ros2_ws/install/franka_opcua_bridge/share/franka_opcua_bridge/hook/cmake_prefix_path.dsv'
[20.604s] INFO:colcon.colcon_core.shell:Creating environment hook '/root/ros2_ws/install/franka_opcua_bridge/share/franka_opcua_bridge/hook/cmake_prefix_path.sh'
[20.640s] Level 1:colcon.colcon_core.environment:checking '/root/ros2_ws/install/franka_opcua_bridge/lib'
[20.643s] Level 1:colcon.colcon_core.environment:checking '/root/ros2_ws/install/franka_opcua_bridge/bin'
[20.645s] Level 1:colcon.colcon_core.environment:checking '/root/ros2_ws/install/franka_opcua_bridge/lib/pkgconfig/franka_opcua_bridge.pc'
[20.652s] Level 1:colcon.colcon_core.environment:checking '/root/ros2_ws/install/franka_opcua_bridge/lib/python3.10/site-packages'
[20.654s] Level 1:colcon.colcon_core.environment:checking '/root/ros2_ws/install/franka_opcua_bridge/bin'
[20.655s] INFO:colcon.colcon_core.shell:Creating package script '/root/ros2_ws/install/franka_opcua_bridge/share/franka_opcua_bridge/package.ps1'
[20.662s] INFO:colcon.colcon_core.shell:Creating package descriptor '/root/ros2_ws/install/franka_opcua_bridge/share/franka_opcua_bridge/package.dsv'
[20.764s] INFO:colcon.colcon_core.shell:Creating package script '/root/ros2_ws/install/franka_opcua_bridge/share/franka_opcua_bridge/package.sh'
[20.797s] INFO:colcon.colcon_core.shell:Creating package script '/root/ros2_ws/install/franka_opcua_bridge/share/franka_opcua_bridge/package.bash'
[20.828s] INFO:colcon.colcon_core.shell:Creating package script '/root/ros2_ws/install/franka_opcua_bridge/share/franka_opcua_bridge/package.zsh'
[20.852s] Level 1:colcon.colcon_core.environment:create_file_with_runtime_dependencies(/root/ros2_ws/install/franka_opcua_bridge/share/colcon-core/packages/franka_opcua_bridge)
[20.873s] DEBUG:colcon.colcon_parallel_executor.executor.parallel:closing loop
[20.874s] DEBUG:colcon.colcon_parallel_executor.executor.parallel:loop closed
[20.875s] DEBUG:colcon.colcon_parallel_executor.executor.parallel:run_until_complete finished with '0'
[20.875s] DEBUG:colcon.colcon_core.event_reactor:joining thread
[20.935s] INFO:colcon.colcon_core.plugin_system:Skipping extension 'colcon_notification.desktop_notification.notify_send': Could not find 'notify-send'
[20.936s] INFO:colcon.colcon_core.plugin_system:Skipping extension 'colcon_notification.desktop_notification.terminal_notifier': Not used on non-Darwin systems
[20.937s] INFO:colcon.colcon_core.plugin_system:Skipping extension 'colcon_notification.desktop_notification.win32': Not used on non-Windows systems
[20.938s] INFO:colcon.colcon_notification.desktop_notification:Sending desktop notification using 'notify2'
[20.939s] DEBUG:colcon.colcon_notification.desktop_notification.notify2:Failed to initialize notify2: org.freedesktop.DBus.Error.NotSupported: Unable to autolaunch a dbus-daemon without a $DISPLAY for X11
[20.940s] DEBUG:colcon.colcon_core.event_reactor:joined thread
[20.942s] INFO:colcon.colcon_core.shell:Creating prefix script '/root/ros2_ws/install/local_setup.ps1'
[20.955s] INFO:colcon.colcon_core.shell:Creating prefix util module '/root/ros2_ws/install/_local_setup_util_ps1.py'
[20.968s] INFO:colcon.colcon_core.shell:Creating prefix chain script '/root/ros2_ws/install/setup.ps1'
[20.993s] INFO:colcon.colcon_core.shell:Creating prefix script '/root/ros2_ws/install/local_setup.sh'
[21.007s] INFO:colcon.colcon_core.shell:Creating prefix util module '/root/ros2_ws/install/_local_setup_util_sh.py'
[21.022s] INFO:colcon.colcon_core.shell:Creating prefix chain script '/root/ros2_ws/install/setup.sh'
[21.038s] INFO:colcon.colcon_core.shell:Creating prefix script '/root/ros2_ws/install/local_setup.bash'
[21.056s] INFO:colcon.colcon_core.shell:Creating prefix chain script '/root/ros2_ws/install/setup.bash'
[21.078s] INFO:colcon.colcon_core.shell:Creating prefix script '/root/ros2_ws/install/local_setup.zsh'
[21.099s] INFO:colcon.colcon_core.shell:Creating prefix chain script '/root/ros2_ws/install/setup.zsh'
