[0.190s] Invoking command in '/root/ros2_ws/build/franka_opcua_bridge': /usr/bin/cmake /root/ros2_ws/src/franka_opcua_bridge -DCMAKE_INSTALL_PREFIX=/root/ros2_ws/install/franka_opcua_bridge
[0.284s] [33mCMake Warning (dev) in CMakeLists.txt:
[0.285s]   No project() command is present.  The top-level CMakeLists.txt file must
[0.286s]   contain a literal, direct call to the project() command.  Add a line of
[0.287s]   code such as
[0.288s] 
[0.291s]     project(ProjectName)
[0.292s] 
[0.293s]   near the top of the file, but after cmake_minimum_required().
[0.295s] 
[0.296s]   CMake is pretending there is a "project(Project)" command on the first
[0.300s]   line.
[0.302s] This warning is for project developers.  Use -Wno-dev to suppress it.
[0.304s] [0m
[0.664s] -- The C compiler identification is GNU 11.4.0
[0.976s] -- The CXX compiler identification is GNU 11.4.0
[1.089s] -- Detecting C compiler ABI info
[2.276s] -- Detecting C compiler ABI info - done
[2.327s] -- Check for working C compiler: /usr/bin/cc - skipped
[2.328s] -- Detecting C compile features
[2.331s] -- Detecting C compile features - done
[2.469s] -- Detecting CXX compiler ABI info
[3.558s] -- Detecting CXX compiler ABI info - done
[3.592s] -- Check for working CXX compiler: /usr/bin/c++ - skipped
[3.594s] -- Detecting CXX compile features
[3.595s] -- Detecting CXX compile features - done
[3.657s] [31mCMake Error at CMakeLists.txt:4 (ament_target_dependencies):
[3.658s]   Unknown CMake command "ament_target_dependencies".
[3.659s] 
[3.660s] [0m
[3.662s] [33mCMake Warning (dev) in CMakeLists.txt:
[3.663s]   No cmake_minimum_required command is present.  A line of code such as
[3.664s] 
[3.666s]     cmake_minimum_required(VERSION 3.22)
[3.667s] 
[3.668s]   should be added at the top of the file.  The version specified may be lower
[3.668s]   if you wish to support older CMake versions for this project.  For more
[3.669s]   information run "cmake --help-policy CMP0000".
[3.670s] This warning is for project developers.  Use -Wno-dev to suppress it.
[3.671s] [0m
[3.672s] -- Configuring incomplete, errors occurred!
[3.673s] See also "/root/ros2_ws/build/franka_opcua_bridge/CMakeFiles/CMakeOutput.log".
[3.678s] Invoked command in '/root/ros2_ws/build/franka_opcua_bridge' returned '1': /usr/bin/cmake /root/ros2_ws/src/franka_opcua_bridge -DCMAKE_INSTALL_PREFIX=/root/ros2_ws/install/franka_opcua_bridge
